// Jest Snapshot v1, https://goo.gl/fbAQLP

exports[`Given the Historic page component When it's invoked Then it should always match this snapshot 1`] = `
Array [
  <nav
    className="navbar navbar-expand-lg navbar-light bg-light"
  >
    <div
      className="container"
    >
      <a
        className="navbar-brand"
        href="#home"
      >
        Bonanza
      </a>
      <button
        aria-controls="/historic"
        aria-label="Toggle navigation"
        className="navbar-toggler collapsed"
        onClick={[Function]}
        type="button"
      >
        <span
          className="navbar-toggler-icon"
        />
      </button>
      <div
        aria-expanded={null}
        className="navbar-collapse collapse"
        id="basic-navbar-nav"
      >
        <div
          className="me-auto navbar-nav"
          onKeyDown={[Function]}
        >
          <a
            className="nav-link"
            data-rr-ui-event-key="/historic"
            disabled={false}
            href="/historic"
            onClick={[Function]}
          >
            Home
          </a>
          <a
            className="nav-link"
            data-rr-ui-event-key="/historic"
            disabled={false}
            href="/historic"
            onClick={[Function]}
          >
            Past entries
          </a>
          <a
            className="nav-link"
            data-rr-ui-event-key="#link"
            disabled={false}
            href="#link"
            onClick={[Function]}
          >
            Know thyself
          </a>
          <div
            className="nav-item dropdown"
          >
            <a
              aria-expanded={false}
              className="dropdown-toggle nav-link"
              data-rr-ui-event-key={null}
              href="#"
              id="basic-nav-dropdown"
              onClick={[Function]}
              onKeyDown={[Function]}
              role="button"
              tabIndex={0}
            >
              <span>
                User 
                <svg
                  color="black"
                  fill="currentColor"
                  height={20}
                  stroke="currentColor"
                  strokeWidth="0"
                  style={
                    Object {
                      "color": "black",
                    }
                  }
                  viewBox="0 0 448 512"
                  width={20}
                  xmlns="http://www.w3.org/2000/svg"
                >
                  <path
                    d="M224 256c70.7 0 128-57.3 128-128S294.7 0 224 0 96 57.3 96 128s57.3 128 128 128zm89.6 32h-16.7c-22.2 10.2-46.9 16-72.9 16s-50.6-5.8-72.9-16h-16.7C60.2 288 0 348.2 0 422.4V464c0 26.5 21.5 48 48 48h352c26.5 0 48-21.5 48-48v-41.6c0-74.2-60.2-134.4-134.4-134.4z"
                  />
                </svg>
              </span>
            </a>
          </div>
        </div>
      </div>
    </div>
  </nav>,
  <div
    className="sc-gsnTZi jGMfoV"
  />,
]
`;
