// Jest Snapshot v1, https://goo.gl/fbAQLP

exports[`Given the Login page component When it's invoked Then it should always match this snapshot 1`] = `
<div
  className="sc-gsnTZi ftoCxN"
>
  <img
    alt="Placeholder"
    className="login__image"
    src="https://csbs.utah.edu/_resources/images/Happy%20People.jpg"
  />
  <div
    className="login__form"
  >
    <h1>
      Bonanza
    </h1>
    <h2>
      Login to your account
    </h2>
    <div
      className="sc-bczRLJ brPyMg"
    >
      <form
        autoComplete="off"
        className=""
        noValidate={true}
        onSubmit={[Function]}
      >
        <div
          className="mb-3"
        >
          <label
            className="form-label"
            htmlFor="username"
          >
            Username
          </label>
          <input
            className="form-control"
            id="username"
            onChange={[Function]}
            placeholder="Enter your username"
            type="text"
            value=""
          />
        </div>
        <div
          className="mb-3"
        >
          <label
            className="form-label"
            htmlFor="password"
          >
            Password
          </label>
          <input
            className="form-control"
            id="password"
            onChange={[Function]}
            placeholder="Enter your password"
            type="password"
            value=""
          />
        </div>
        <section
          className="container text-center"
        >
          <button
            className="btn btn-primary"
            disabled={true}
            type="submit"
          >
            Submit
          </button>
          <p>
            Not a member yet?
          </p>
          <a
            className="btn btn-secondary"
            href="/register"
            onClick={[Function]}
          >
            Register
          </a>
        </section>
      </form>
    </div>
  </div>
</div>
`;
